load glyph failed err=6 face=0x1137e10, glyph=2797
load glyph failed err=6 face=0x1137e10, glyph=2797
load glyph failed err=6 face=0x228fd50, glyph=2797
load glyph failed err=6 face=0x228fd50, glyph=2797
